[     353ms] [INFO] %cDownload the React DevTools for a better development experience: https://react.dev/link/react-devtools font-weight:bold @ http://localhost:3000/_next/static/chunks/node_modules_next_dist_115brz8._.js:2477
[     691ms] [LOG] [HMR] connected @ http://localhost:3000/_next/static/chunks/node_modules_next_dist_115brz8._.js:2477
[   17485ms] [LOG] [Fast Refresh] rebuilding @ http://localhost:3000/_next/static/chunks/node_modules_next_dist_115brz8._.js:2477
[   17850ms] [LOG] [Fast Refresh] done in 465ms @ http://localhost:3000/_next/static/chunks/node_modules_next_dist_115brz8._.js:2477
[   17997ms] [LOG] [Fast Refresh] rebuilding @ http://localhost:3000/_next/static/chunks/node_modules_next_dist_115brz8._.js:2477
[   18118ms] [LOG] [Fast Refresh] done in 222ms @ http://localhost:3000/_next/static/chunks/node_modules_next_dist_115brz8._.js:2477
[   18235ms] [LOG] [Fast Refresh] rebuilding @ http://localhost:3000/_next/static/chunks/node_modules_next_dist_115brz8._.js:2477
[   18356ms] [LOG] [Fast Refresh] done in 221ms @ http://localhost:3000/_next/static/chunks/node_modules_next_dist_115brz8._.js:2477
[   18467ms] [LOG] [Fast Refresh] rebuilding @ http://localhost:3000/_next/static/chunks/node_modules_next_dist_115brz8._.js:2477
[   18566ms] [LOG] [Fast Refresh] done in 198ms @ http://localhost:3000/_next/static/chunks/node_modules_next_dist_115brz8._.js:2477
[   18676ms] [LOG] [Fast Refresh] rebuilding @ http://localhost:3000/_next/static/chunks/node_modules_next_dist_115brz8._.js:2477
[   18756ms] [LOG] [Fast Refresh] done in 182ms @ http://localhost:3000/_next/static/chunks/node_modules_next_dist_115brz8._.js:2477
[   26496ms] [ERROR] WebSocket connection to 'ws://localhost:3000/_next/webpack-hmr?id=IbEh8_9dsapNKtgnYC_qh' failed:  @ http://localhost:3000/_next/static/chunks/node_modules_next_dist_client_0fhqo1d._.js:13322
[   27526ms] [ERROR] WebSocket connection to 'ws://localhost:3000/_next/webpack-hmr?id=IbEh8_9dsapNKtgnYC_qh' failed: Error in connection establishment: net::ERR_CONNECTION_REFUSED @ http://localhost:3000/_next/static/chunks/node_modules_next_dist_client_0fhqo1d._.js:13322
[   28528ms] [ERROR] WebSocket connection to 'ws://localhost:3000/_next/webpack-hmr?id=IbEh8_9dsapNKtgnYC_qh' failed: Error in connection establishment: net::ERR_CONNECTION_REFUSED @ http://localhost:3000/_next/static/chunks/node_modules_next_dist_client_0fhqo1d._.js:13322
[   29530ms] [ERROR] WebSocket connection to 'ws://localhost:3000/_next/webpack-hmr?id=IbEh8_9dsapNKtgnYC_qh' failed: Error in connection establishment: net::ERR_CONNECTION_REFUSED @ http://localhost:3000/_next/static/chunks/node_modules_next_dist_client_0fhqo1d._.js:13322
[   30537ms] [ERROR] WebSocket connection to 'ws://localhost:3000/_next/webpack-hmr?id=IbEh8_9dsapNKtgnYC_qh' failed: Error in connection establishment: net::ERR_CONNECTION_REFUSED @ http://localhost:3000/_next/static/chunks/node_modules_next_dist_client_0fhqo1d._.js:13322
[   31539ms] [ERROR] WebSocket connection to 'ws://localhost:3000/_next/webpack-hmr?id=IbEh8_9dsapNKtgnYC_qh' failed: Error in connection establishment: net::ERR_CONNECTION_REFUSED @ http://localhost:3000/_next/static/chunks/node_modules_next_dist_client_0fhqo1d._.js:13322
[   36545ms] [ERROR] WebSocket connection to 'ws://localhost:3000/_next/webpack-hmr?id=IbEh8_9dsapNKtgnYC_qh' failed: Error in connection establishment: net::ERR_CONNECTION_REFUSED @ http://localhost:3000/_next/static/chunks/node_modules_next_dist_client_0fhqo1d._.js:13322
[   41554ms] [ERROR] WebSocket connection to 'ws://localhost:3000/_next/webpack-hmr?id=IbEh8_9dsapNKtgnYC_qh' failed: Error in connection establishment: net::ERR_CONNECTION_REFUSED @ http://localhost:3000/_next/static/chunks/node_modules_next_dist_client_0fhqo1d._.js:13322
[   46563ms] [ERROR] WebSocket connection to 'ws://localhost:3000/_next/webpack-hmr?id=IbEh8_9dsapNKtgnYC_qh' failed: Error in connection establishment: net::ERR_CONNECTION_REFUSED @ http://localhost:3000/_next/static/chunks/node_modules_next_dist_client_0fhqo1d._.js:13322
[   51594ms] [ERROR] WebSocket connection to 'ws://localhost:3000/_next/webpack-hmr?id=IbEh8_9dsapNKtgnYC_qh' failed: Error in connection establishment: net::ERR_CONNECTION_REFUSED @ http://localhost:3000/_next/static/chunks/node_modules_next_dist_client_0fhqo1d._.js:13322
[   56649ms] [ERROR] WebSocket connection to 'ws://localhost:3000/_next/webpack-hmr?id=IbEh8_9dsapNKtgnYC_qh' failed: Error in connection establishment: net::ERR_CONNECTION_REFUSED @ http://localhost:3000/_next/static/chunks/node_modules_next_dist_client_0fhqo1d._.js:13322
[   61738ms] [ERROR] WebSocket connection to 'ws://localhost:3000/_next/webpack-hmr?id=IbEh8_9dsapNKtgnYC_qh' failed: Error in connection establishment: net::ERR_CONNECTION_REFUSED @ http://localhost:3000/_next/static/chunks/node_modules_next_dist_client_0fhqo1d._.js:13322
[   67034ms] [ERROR] WebSocket connection to 'ws://localhost:3000/_next/webpack-hmr?id=IbEh8_9dsapNKtgnYC_qh' failed: Error in connection establishment: net::ERR_CONNECTION_REFUSED @ http://localhost:3000/_next/static/chunks/node_modules_next_dist_client_0fhqo1d._.js:13322
