[    3495ms] Unexpected token '<'
[    3500ms] Unexpected token '<'
[    3500ms] Unexpected token '<'
[    3500ms] Unexpected token '<'
[    3500ms] Unexpected token '<'
[    3500ms] Unexpected token '<'
[    3466ms] [VERBOSE] [DOM] Password field is not contained in a form: (More info: https://goo.gl/9p2vKq) %o @ https://yangtaixiaoyuanding-d7b1c10c2d50-1438704930.tcloudbaseapp.com/admin/login:0
[    3502ms] Unexpected token '<'
[   96400ms] [VERBOSE] [DOM] Password field is not contained in a form: (More info: https://goo.gl/9p2vKq) %o @ https://yangtaixiaoyuanding-d7b1c10c2d50-1438704930.tcloudbaseapp.com/admin/login:0
[   96425ms] Unexpected token '<'
[   96425ms] Unexpected token '<'
[   96425ms] Unexpected token '<'
[   96425ms] Unexpected token '<'
[   96425ms] Unexpected token '<'
[   96425ms] Unexpected token '<'
[   96426ms] Unexpected token '<'
[  260426ms] Unexpected token '<'
[  260427ms] Unexpected token '<'
[  260427ms] Unexpected token '<'
[  260427ms] Unexpected token '<'
[  260427ms] Unexpected token '<'
[  260427ms] Unexpected token '<'
[  260413ms] [VERBOSE] [DOM] Password field is not contained in a form: (More info: https://goo.gl/9p2vKq) %o @ https://yangtaixiaoyuanding-d7b1c10c2d50-1438704930.tcloudbaseapp.com/admin/login:0
[  260428ms] Unexpected token '<'
[  297145ms] [VERBOSE] [DOM] Password field is not contained in a form: (More info: https://goo.gl/9p2vKq) %o @ https://yangtaixiaoyuanding-d7b1c10c2d50-1438704930.tcloudbaseapp.com/admin/login:0
[  297168ms] Unexpected token '<'
[  297169ms] Unexpected token '<'
[  297169ms] Unexpected token '<'
[  297170ms] Unexpected token '<'
[  297170ms] Unexpected token '<'
[  297170ms] Unexpected token '<'
[  297172ms] Unexpected token '<'
[  329732ms] Unexpected token '<'
[  329736ms] Unexpected token '<'
[  329736ms] Unexpected token '<'
[  329729ms] [VERBOSE] [DOM] Password field is not contained in a form: (More info: https://goo.gl/9p2vKq) %o @ https://yangtaixiaoyuanding-d7b1c10c2d50-1438704930.tcloudbaseapp.com/admin/login:0
[  329756ms] Unexpected token '<'
[  329756ms] Unexpected token '<'
[  329756ms] Unexpected token '<'
[  329756ms] Unexpected token '<'
[  331148ms] [VERBOSE] [DOM] Password field is not contained in a form: (More info: https://goo.gl/9p2vKq) %o @ https://yangtaixiaoyuanding-d7b1c10c2d50-1438704930.tcloudbaseapp.com/admin/login:0
[  331149ms] Unexpected token '<'
[  331151ms] Unexpected token '<'
[  331151ms] Unexpected token '<'
[  331153ms] Unexpected token '<'
[  331154ms] Unexpected token '<'
[  331155ms] Unexpected token '<'
[  331158ms] Unexpected token '<'
[  331442ms] Unexpected token '<'
[  331435ms] [VERBOSE] [DOM] Password field is not contained in a form: (More info: https://goo.gl/9p2vKq) %o @ https://yangtaixiaoyuanding-d7b1c10c2d50-1438704930.tcloudbaseapp.com/admin/login:0
[  331442ms] Unexpected token '<'
[  331442ms] Unexpected token '<'
[  331442ms] Unexpected token '<'
[  331442ms] Unexpected token '<'
[  331442ms] Unexpected token '<'
[  331445ms] Unexpected token '<'
[  331605ms] [VERBOSE] [DOM] Password field is not contained in a form: (More info: https://goo.gl/9p2vKq) %o @ https://yangtaixiaoyuanding-d7b1c10c2d50-1438704930.tcloudbaseapp.com/admin/login:0
[  331608ms] Unexpected token '<'
[  331608ms] Unexpected token '<'
[  331608ms] Unexpected token '<'
[  331609ms] Unexpected token '<'
[  331613ms] Unexpected token '<'
[  331614ms] Unexpected token '<'
[  331614ms] Unexpected token '<'
[  331804ms] Unexpected token '<'
[  331800ms] [VERBOSE] [DOM] Password field is not contained in a form: (More info: https://goo.gl/9p2vKq) %o @ https://yangtaixiaoyuanding-d7b1c10c2d50-1438704930.tcloudbaseapp.com/admin/login:0
[  331808ms] Unexpected token '<'
[  331808ms] Unexpected token '<'
[  331810ms] Unexpected token '<'
[  331810ms] Unexpected token '<'
[  331810ms] Unexpected token '<'
[  331811ms] Unexpected token '<'
[  332009ms] [VERBOSE] [DOM] Password field is not contained in a form: (More info: https://goo.gl/9p2vKq) %o @ https://yangtaixiaoyuanding-d7b1c10c2d50-1438704930.tcloudbaseapp.com/admin/login:0
[  332012ms] Unexpected token '<'
[  332013ms] Unexpected token '<'
[  332015ms] Unexpected token '<'
[  332016ms] Unexpected token '<'
[  332016ms] Unexpected token '<'
[  332019ms] Unexpected token '<'
[  332020ms] Unexpected token '<'
[  332992ms] [VERBOSE] [DOM] Password field is not contained in a form: (More info: https://goo.gl/9p2vKq) %o @ https://yangtaixiaoyuanding-d7b1c10c2d50-1438704930.tcloudbaseapp.com/admin/login:0
[  332995ms] Unexpected token '<'
[  332995ms] Unexpected token '<'
[  332995ms] Unexpected token '<'
[  332995ms] Unexpected token '<'
[  332996ms] Unexpected token '<'
[  332997ms] Unexpected token '<'
[  332998ms] Unexpected token '<'
[  350131ms] [VERBOSE] [DOM] Password field is not contained in a form: (More info: https://goo.gl/9p2vKq) %o @ https://yangtaixiaoyuanding-d7b1c10c2d50-1438704930.tcloudbaseapp.com/admin/login:0
[  350132ms] Unexpected token '<'
[  350132ms] Unexpected token '<'
[  350132ms] Unexpected token '<'
[  350132ms] Unexpected token '<'
[  350132ms] Unexpected token '<'
[  350132ms] Unexpected token '<'
[  350132ms] Unexpected token '<'
[  494319ms] [LOG] https://yangtaixiaoyuanding-d7b1c10c2d50-1438704930.tcloudbaseapp.com/_next/static/chunks/0dukmg1nvee_i.css @ :0
