[     316ms] Unexpected token '<'
[     319ms] Unexpected token '<'
[     319ms] Unexpected token '<'
[     319ms] Unexpected token '<'
[     319ms] Unexpected token '<'
[     392ms] Unexpected token '<'
[     392ms] Unexpected token '<'
[   56048ms] Unexpected token '<'
[   56049ms] Unexpected token '<'
[   56049ms] Unexpected token '<'
[   56049ms] Unexpected token '<'
[   56049ms] Unexpected token '<'
[   56049ms] Unexpected token '<'
[   56049ms] Unexpected token '<'
[   59230ms] Unexpected token '<'
[   59230ms] Unexpected token '<'
[   59230ms] Unexpected token '<'
[   59230ms] Unexpected token '<'
[   59230ms] Unexpected token '<'
[   59230ms] Unexpected token '<'
[   59230ms] Unexpected token '<'
[   60658ms] Unexpected token '<'
[   60658ms] Unexpected token '<'
[   60658ms] Unexpected token '<'
[   60659ms] Unexpected token '<'
[   60659ms] Unexpected token '<'
[   60659ms] Unexpected token '<'
[   60659ms] Unexpected token '<'
[   61178ms] Unexpected token '<'
[   61178ms] Unexpected token '<'
[   61178ms] Unexpected token '<'
[   61178ms] Unexpected token '<'
[   61178ms] Unexpected token '<'
[   61178ms] Unexpected token '<'
[   61178ms] Unexpected token '<'
[   61348ms] Unexpected token '<'
[   61349ms] Unexpected token '<'
[   61349ms] Unexpected token '<'
[   61349ms] Unexpected token '<'
[   61349ms] Unexpected token '<'
[   61349ms] Unexpected token '<'
[   61349ms] Unexpected token '<'
[   61529ms] Unexpected token '<'
[   61530ms] Unexpected token '<'
[   61530ms] Unexpected token '<'
[   61530ms] Unexpected token '<'
[   61530ms] Unexpected token '<'
[   61530ms] Unexpected token '<'
[   61530ms] Unexpected token '<'
[   61718ms] Unexpected token '<'
[   61718ms] Unexpected token '<'
[   61718ms] Unexpected token '<'
[   61718ms] Unexpected token '<'
[   61718ms] Unexpected token '<'
[   61718ms] Unexpected token '<'
[   61718ms] Unexpected token '<'
[   61896ms] Unexpected token '<'
[   61896ms] Unexpected token '<'
[   61897ms] Unexpected token '<'
[   61897ms] Unexpected token '<'
[   61897ms] Unexpected token '<'
[   61897ms] Unexpected token '<'
[   61897ms] Unexpected token '<'
[  298398ms] [ERROR] Failed to load resource: the server responded with a status of 404 () @ https://yangtaixiaoyuanding-d7b1c10c2d50-1438704930.tcloudbaseapp.com/:0
[  303169ms] Unexpected token '<'
[  303170ms] Unexpected token '<'
[  303170ms] Unexpected token '<'
[  303170ms] Unexpected token '<'
[  303170ms] Unexpected token '<'
[  303170ms] Unexpected token '<'
[  303192ms] Unexpected token '<'
[ 1075109ms] Unexpected token '<'
[ 1075111ms] Unexpected token '<'
[ 1075111ms] Unexpected token '<'
[ 1075111ms] Unexpected token '<'
[ 1075111ms] Unexpected token '<'
[ 1075112ms] Unexpected token '<'
[ 1075112ms] Unexpected token '<'
[ 1077446ms] Unexpected token '<'
[ 1077446ms] Unexpected token '<'
[ 1077446ms] Unexpected token '<'
[ 1077446ms] Unexpected token '<'
[ 1077446ms] Unexpected token '<'
[ 1077446ms] Unexpected token '<'
[ 1077446ms] Unexpected token '<'
[ 1077690ms] Unexpected token '<'
[ 1077690ms] Unexpected token '<'
[ 1077690ms] Unexpected token '<'
[ 1077690ms] Unexpected token '<'
[ 1077690ms] Unexpected token '<'
[ 1077690ms] Unexpected token '<'
[ 1077694ms] Unexpected token '<'
[ 1078064ms] Unexpected token '<'
[ 1078064ms] Unexpected token '<'
[ 1078064ms] Unexpected token '<'
[ 1078064ms] Unexpected token '<'
[ 1078064ms] Unexpected token '<'
[ 1078065ms] Unexpected token '<'
[ 1078065ms] Unexpected token '<'
[ 1078239ms] Unexpected token '<'
[ 1078239ms] Unexpected token '<'
[ 1078239ms] Unexpected token '<'
[ 1078239ms] Unexpected token '<'
[ 1078239ms] Unexpected token '<'
[ 1078239ms] Unexpected token '<'
[ 1078250ms] Unexpected token '<'
[ 1078443ms] Unexpected token '<'
[ 1078443ms] Unexpected token '<'
[ 1078443ms] Unexpected token '<'
[ 1078443ms] Unexpected token '<'
[ 1078443ms] Unexpected token '<'
[ 1078443ms] Unexpected token '<'
[ 1078443ms] Unexpected token '<'
